2026-04-28T17:26:47.227Z CLI info [main]    Server listening on port: 5400
2026-04-28T17:26:47.289Z CLI info    Config : {"userName":"[REDACTED]","accessKey":"[REDACTED]","platforms":[{"os":"Windows","osVersion":"11","browserName":"chrome","browserVersion":"latest"}],"browserstackLocal":true,"buildName":"Avotech-Regression-TestSuite"}
2026-04-28T17:26:47.312Z CLI info    Should start debug utility: undefined
2026-04-28T17:26:47.317Z CLI info [testhub:module]   [255711c5-3cc4-486a-b55c-fc8857853bed]  Starting testhub from 17784:0
2026-04-28T17:26:47.318Z CLI info   [255711c5-3cc4-486a-b55c-fc8857853bed]  [PRODUCTION] Making POST request to https://sdk.browserstack.com
2026-04-28T17:26:47.320Z CLI info   [255711c5-3cc4-486a-b55c-fc8857853bed]  [PRODUCTION] Making GET request to https://hub.browserstack.com
2026-04-28T17:26:48.556Z CLI info   [255711c5-3cc4-486a-b55c-fc8857853bed]  [PRODUCTION] Making GET request to https://hub-use.browserstack.com
2026-04-28T17:26:48.557Z CLI info   [255711c5-3cc4-486a-b55c-fc8857853bed]  [PRODUCTION] Making GET request to https://hub-usw.browserstack.com
2026-04-28T17:26:48.558Z CLI info   [255711c5-3cc4-486a-b55c-fc8857853bed]  [PRODUCTION] Making GET request to https://hub-euw.browserstack.com
2026-04-28T17:26:49.168Z CLI info [testhub:module]   [255711c5-3cc4-486a-b55c-fc8857853bed]  startBuild: response=aiyeznxm1ffmwlvanxh4n1owb02geo0gzu8pcypx
2026-04-28T17:26:49.171Z CLI info  [aiyeznxm1ffmwlvanxh4n1owb02geo0gzu8pcypx]  [255711c5-3cc4-486a-b55c-fc8857853bed]  [PRODUCTION] Making POST request to https://api.browserstack.com
2026-04-28T17:26:51.109Z CLI info [main]  [aiyeznxm1ffmwlvanxh4n1owb02geo0gzu8pcypx]  [255711c5-3cc4-486a-b55c-fc8857853bed]  Uncaught Exception occurred, error: Error: EBUSY: resource busy or locked, open 'C:\Users\giver\.browserstack\BrowserStackLocal.exe', error stack trace: Error: EBUSY: resource busy or locked, open 'C:\Users\giver\.browserstack\BrowserStackLocal.exe'
2026-04-28T17:26:51.110Z CLI info [main]  [aiyeznxm1ffmwlvanxh4n1owb02geo0gzu8pcypx]  [255711c5-3cc4-486a-b55c-fc8857853bed]  Upgrade available: Please update from beta to the latest stable version.
2026-04-28T17:26:51.110Z CLI error [main]  [aiyeznxm1ffmwlvanxh4n1owb02geo0gzu8pcypx]  [255711c5-3cc4-486a-b55c-fc8857853bed]  error: Error: EBUSY: resource busy or locked, open 'C:\Users\giver\.browserstack\BrowserStackLocal.exe'
2026-04-28T17:26:51.119Z CLI info [main]  [aiyeznxm1ffmwlvanxh4n1owb02geo0gzu8pcypx]  [255711c5-3cc4-486a-b55c-fc8857853bed]  Received graceful signal termination (none), performing cleanup
2026-04-28T17:26:51.121Z CLI info  [aiyeznxm1ffmwlvanxh4n1owb02geo0gzu8pcypx]  [255711c5-3cc4-486a-b55c-fc8857853bed]  [PRODUCTION] Making PUT request to https://collector-observability.browserstack.com
2026-04-28T17:26:52.361Z CLI info [testhub:module]  [aiyeznxm1ffmwlvanxh4n1owb02geo0gzu8pcypx]  [255711c5-3cc4-486a-b55c-fc8857853bed]  stopBuild: aiyeznxm1ffmwlvanxh4n1owb02geo0gzu8pcypx request={"finished_at":"2026-04-28T17:26:51.120Z","finished_metadata":[],"custom_metadata":null} response={"data":""}
2026-04-28T17:32:16.177Z CLI info [main]    Server listening on port: 5400
2026-04-28T17:32:16.230Z CLI info    Config : {"platforms":[{"os":"Windows","osVersion":"11","browserName":"chrome","browserVersion":"latest"}],"browserstackLocal":true,"buildName":"Avotech-Regression-TestSuite"}
2026-04-28T17:32:16.248Z CLI info    Should start debug utility: undefined
2026-04-28T17:32:16.252Z CLI info [testhub:module]   [7c026df2-20b0-40e2-b76b-04e10f87927c]  Starting testhub from 17280:0
2026-04-28T17:32:16.253Z CLI info   [7c026df2-20b0-40e2-b76b-04e10f87927c]  [PRODUCTION] Making POST request to https://sdk.browserstack.com
2026-04-28T17:32:16.255Z CLI info   [7c026df2-20b0-40e2-b76b-04e10f87927c]  [PRODUCTION] Making GET request to https://hub.browserstack.com
2026-04-28T17:32:17.517Z CLI info   [7c026df2-20b0-40e2-b76b-04e10f87927c]  [PRODUCTION] Making GET request to https://hub-use.browserstack.com
2026-04-28T17:32:17.517Z CLI info   [7c026df2-20b0-40e2-b76b-04e10f87927c]  [PRODUCTION] Making GET request to https://hub-usw.browserstack.com
2026-04-28T17:32:17.518Z CLI info   [7c026df2-20b0-40e2-b76b-04e10f87927c]  [PRODUCTION] Making GET request to https://hub-euw.browserstack.com
2026-04-28T17:32:18.775Z CLI info [testhub:module]   [7c026df2-20b0-40e2-b76b-04e10f87927c]  startBuild: response=7kzsomwuavn9xzw0bwxq78g8nctuib14cn719wd3
2026-04-28T17:32:18.777Z CLI info  [7kzsomwuavn9xzw0bwxq78g8nctuib14cn719wd3]  [7c026df2-20b0-40e2-b76b-04e10f87927c]  [PRODUCTION] Making POST request to https://api.browserstack.com
2026-04-28T17:32:20.681Z CLI info [main]  [7kzsomwuavn9xzw0bwxq78g8nctuib14cn719wd3]  [7c026df2-20b0-40e2-b76b-04e10f87927c]  Uncaught Exception occurred, error: Error: EBUSY: resource busy or locked, open 'C:\Users\giver\.browserstack\BrowserStackLocal.exe', error stack trace: Error: EBUSY: resource busy or locked, open 'C:\Users\giver\.browserstack\BrowserStackLocal.exe'
2026-04-28T17:32:20.682Z CLI info [main]  [7kzsomwuavn9xzw0bwxq78g8nctuib14cn719wd3]  [7c026df2-20b0-40e2-b76b-04e10f87927c]  Upgrade available: Please update from beta to the latest stable version.
2026-04-28T17:32:20.682Z CLI error [main]  [7kzsomwuavn9xzw0bwxq78g8nctuib14cn719wd3]  [7c026df2-20b0-40e2-b76b-04e10f87927c]  error: Error: EBUSY: resource busy or locked, open 'C:\Users\giver\.browserstack\BrowserStackLocal.exe'
2026-04-28T17:32:20.691Z CLI info [main]  [7kzsomwuavn9xzw0bwxq78g8nctuib14cn719wd3]  [7c026df2-20b0-40e2-b76b-04e10f87927c]  Received graceful signal termination (none), performing cleanup
2026-04-28T17:32:20.692Z CLI info  [7kzsomwuavn9xzw0bwxq78g8nctuib14cn719wd3]  [7c026df2-20b0-40e2-b76b-04e10f87927c]  [PRODUCTION] Making PUT request to https://collector-observability.browserstack.com
2026-04-28T17:32:21.946Z CLI info [testhub:module]  [7kzsomwuavn9xzw0bwxq78g8nctuib14cn719wd3]  [7c026df2-20b0-40e2-b76b-04e10f87927c]  stopBuild: 7kzsomwuavn9xzw0bwxq78g8nctuib14cn719wd3 request={"finished_at":"2026-04-28T17:32:20.692Z","finished_metadata":[],"custom_metadata":null} response={"data":""}
2026-04-28T17:43:05.584Z CLI info [main]    Server listening on port: 5400
2026-04-28T17:43:05.630Z CLI info    Config : {"platforms":[{"os":"Windows","osVersion":"11","browserName":"chrome","browserVersion":"latest"}],"browserstackLocal":true,"buildName":"Avotech-Regression-TestSuite","video":true}
2026-04-28T17:43:05.657Z CLI info    Should start debug utility: undefined
2026-04-28T17:43:05.661Z CLI info [testhub:module]   [b7345da4-7330-4cfb-9751-7c3ea7eb8a89]  Starting testhub from 35372:0
2026-04-28T17:43:05.662Z CLI info   [b7345da4-7330-4cfb-9751-7c3ea7eb8a89]  [PRODUCTION] Making POST request to https://sdk.browserstack.com
2026-04-28T17:43:05.665Z CLI info   [b7345da4-7330-4cfb-9751-7c3ea7eb8a89]  [PRODUCTION] Making GET request to https://hub.browserstack.com
2026-04-28T17:43:06.900Z CLI info   [b7345da4-7330-4cfb-9751-7c3ea7eb8a89]  [PRODUCTION] Making GET request to https://hub-use.browserstack.com
2026-04-28T17:43:06.901Z CLI info   [b7345da4-7330-4cfb-9751-7c3ea7eb8a89]  [PRODUCTION] Making GET request to https://hub-usw.browserstack.com
2026-04-28T17:43:06.902Z CLI info   [b7345da4-7330-4cfb-9751-7c3ea7eb8a89]  [PRODUCTION] Making GET request to https://hub-euw.browserstack.com
2026-04-28T17:43:07.518Z CLI info [testhub:module]   [b7345da4-7330-4cfb-9751-7c3ea7eb8a89]  startBuild: response=criwmbm5ezkcankhc37v6tuswshtlbn74kmvgwxv
2026-04-28T17:43:07.519Z CLI info  [criwmbm5ezkcankhc37v6tuswshtlbn74kmvgwxv]  [b7345da4-7330-4cfb-9751-7c3ea7eb8a89]  [PRODUCTION] Making POST request to https://api.browserstack.com
2026-04-28T17:43:09.403Z CLI info [main]  [criwmbm5ezkcankhc37v6tuswshtlbn74kmvgwxv]  [b7345da4-7330-4cfb-9751-7c3ea7eb8a89]  Uncaught Exception occurred, error: Error: EBUSY: resource busy or locked, open 'C:\Users\giver\.browserstack\BrowserStackLocal.exe', error stack trace: Error: EBUSY: resource busy or locked, open 'C:\Users\giver\.browserstack\BrowserStackLocal.exe'
2026-04-28T17:43:09.404Z CLI info [main]  [criwmbm5ezkcankhc37v6tuswshtlbn74kmvgwxv]  [b7345da4-7330-4cfb-9751-7c3ea7eb8a89]  Upgrade available: Please update from beta to the latest stable version.
2026-04-28T17:43:09.404Z CLI error [main]  [criwmbm5ezkcankhc37v6tuswshtlbn74kmvgwxv]  [b7345da4-7330-4cfb-9751-7c3ea7eb8a89]  error: Error: EBUSY: resource busy or locked, open 'C:\Users\giver\.browserstack\BrowserStackLocal.exe'
2026-04-28T17:43:09.411Z CLI info [main]  [criwmbm5ezkcankhc37v6tuswshtlbn74kmvgwxv]  [b7345da4-7330-4cfb-9751-7c3ea7eb8a89]  Received graceful signal termination (none), performing cleanup
2026-04-28T17:43:09.412Z CLI info  [criwmbm5ezkcankhc37v6tuswshtlbn74kmvgwxv]  [b7345da4-7330-4cfb-9751-7c3ea7eb8a89]  [PRODUCTION] Making PUT request to https://collector-observability.browserstack.com
2026-04-28T17:43:10.365Z CLI info [testhub:module]  [criwmbm5ezkcankhc37v6tuswshtlbn74kmvgwxv]  [b7345da4-7330-4cfb-9751-7c3ea7eb8a89]  stopBuild: criwmbm5ezkcankhc37v6tuswshtlbn74kmvgwxv request={"finished_at":"2026-04-28T17:43:09.411Z","finished_metadata":[],"custom_metadata":null} response={"data":""}
2026-04-28T17:49:37.141Z CLI info [main]    Server listening on port: 5400
2026-04-28T17:49:37.187Z CLI info    Config : {"platforms":[{"os":"Windows","osVersion":"11","browserName":"chrome","browserVersion":"latest"}],"browserstackLocal":true,"buildName":"Avotech-Regression-TestSuite","video":true,"interactiveDebugging":true}
2026-04-28T17:49:37.205Z CLI info    Should start debug utility: undefined
2026-04-28T17:49:37.208Z CLI info [testhub:module]   [b52ebfad-4919-4e17-b2e8-1a066c5d70e5]  Starting testhub from 10532:0
2026-04-28T17:49:37.210Z CLI info   [b52ebfad-4919-4e17-b2e8-1a066c5d70e5]  [PRODUCTION] Making POST request to https://sdk.browserstack.com
2026-04-28T17:49:37.212Z CLI info   [b52ebfad-4919-4e17-b2e8-1a066c5d70e5]  [PRODUCTION] Making GET request to https://hub.browserstack.com
2026-04-28T17:49:38.460Z CLI info   [b52ebfad-4919-4e17-b2e8-1a066c5d70e5]  [PRODUCTION] Making GET request to https://hub-use.browserstack.com
2026-04-28T17:49:38.462Z CLI info   [b52ebfad-4919-4e17-b2e8-1a066c5d70e5]  [PRODUCTION] Making GET request to https://hub-usw.browserstack.com
2026-04-28T17:49:38.463Z CLI info   [b52ebfad-4919-4e17-b2e8-1a066c5d70e5]  [PRODUCTION] Making GET request to https://hub-euw.browserstack.com
2026-04-28T17:49:39.093Z CLI info [testhub:module]   [b52ebfad-4919-4e17-b2e8-1a066c5d70e5]  startBuild: response=95qhv9bc8y5hrommnpnvry88am7dh3q0rfetmnmd
2026-04-28T17:49:39.096Z CLI info  [95qhv9bc8y5hrommnpnvry88am7dh3q0rfetmnmd]  [b52ebfad-4919-4e17-b2e8-1a066c5d70e5]  [PRODUCTION] Making POST request to https://api.browserstack.com
2026-04-28T17:49:40.992Z CLI info [main]  [95qhv9bc8y5hrommnpnvry88am7dh3q0rfetmnmd]  [b52ebfad-4919-4e17-b2e8-1a066c5d70e5]  Uncaught Exception occurred, error: Error: EBUSY: resource busy or locked, open 'C:\Users\giver\.browserstack\BrowserStackLocal.exe', error stack trace: Error: EBUSY: resource busy or locked, open 'C:\Users\giver\.browserstack\BrowserStackLocal.exe'
2026-04-28T17:49:40.993Z CLI info [main]  [95qhv9bc8y5hrommnpnvry88am7dh3q0rfetmnmd]  [b52ebfad-4919-4e17-b2e8-1a066c5d70e5]  Upgrade available: Please update from beta to the latest stable version.
2026-04-28T17:49:40.993Z CLI error [main]  [95qhv9bc8y5hrommnpnvry88am7dh3q0rfetmnmd]  [b52ebfad-4919-4e17-b2e8-1a066c5d70e5]  error: Error: EBUSY: resource busy or locked, open 'C:\Users\giver\.browserstack\BrowserStackLocal.exe'
2026-04-28T17:49:41.010Z CLI info [main]  [95qhv9bc8y5hrommnpnvry88am7dh3q0rfetmnmd]  [b52ebfad-4919-4e17-b2e8-1a066c5d70e5]  Received graceful signal termination (none), performing cleanup
2026-04-28T17:49:41.011Z CLI info  [95qhv9bc8y5hrommnpnvry88am7dh3q0rfetmnmd]  [b52ebfad-4919-4e17-b2e8-1a066c5d70e5]  [PRODUCTION] Making PUT request to https://collector-observability.browserstack.com
2026-04-28T17:49:42.367Z CLI info [testhub:module]  [95qhv9bc8y5hrommnpnvry88am7dh3q0rfetmnmd]  [b52ebfad-4919-4e17-b2e8-1a066c5d70e5]  stopBuild: 95qhv9bc8y5hrommnpnvry88am7dh3q0rfetmnmd request={"finished_at":"2026-04-28T17:49:41.010Z","finished_metadata":[],"custom_metadata":null} response={"data":""}
2026-04-28T19:30:34.895Z CLI info [main]    Server listening on port: 5400
2026-04-28T19:30:34.954Z CLI info    Config : {"platforms":[{"os":"Windows","osVersion":"11","browserName":"chrome","browserVersion":"latest"}],"browserstackLocal":true,"buildName":"Avotech-Regression-TestSuite","video":true,"interactiveDebugging":true}
2026-04-28T19:30:34.983Z CLI info    Should start debug utility: undefined
2026-04-28T19:30:34.987Z CLI info [testhub:module]   [fcb124cb-f722-470d-aaa3-e6dbe68fe1f3]  Starting testhub from 12480:0
2026-04-28T19:30:34.988Z CLI info   [fcb124cb-f722-470d-aaa3-e6dbe68fe1f3]  [PRODUCTION] Making POST request to https://sdk.browserstack.com
2026-04-28T19:30:34.990Z CLI info   [fcb124cb-f722-470d-aaa3-e6dbe68fe1f3]  [PRODUCTION] Making GET request to https://hub.browserstack.com
2026-04-28T19:30:36.334Z CLI info   [fcb124cb-f722-470d-aaa3-e6dbe68fe1f3]  [PRODUCTION] Making GET request to https://hub-use.browserstack.com
2026-04-28T19:30:36.336Z CLI info   [fcb124cb-f722-470d-aaa3-e6dbe68fe1f3]  [PRODUCTION] Making GET request to https://hub-usw.browserstack.com
2026-04-28T19:30:36.336Z CLI info   [fcb124cb-f722-470d-aaa3-e6dbe68fe1f3]  [PRODUCTION] Making GET request to https://hub-euw.browserstack.com
2026-04-28T19:30:37.350Z CLI info [testhub:module]   [fcb124cb-f722-470d-aaa3-e6dbe68fe1f3]  startBuild: response=p7hjiiahbdjo6tpksgs6op6c6nq3m3rcfn66r3yp
2026-04-28T19:30:37.352Z CLI info  [p7hjiiahbdjo6tpksgs6op6c6nq3m3rcfn66r3yp]  [fcb124cb-f722-470d-aaa3-e6dbe68fe1f3]  [PRODUCTION] Making POST request to https://api.browserstack.com
2026-04-28T19:30:39.324Z CLI info [main]  [p7hjiiahbdjo6tpksgs6op6c6nq3m3rcfn66r3yp]  [fcb124cb-f722-470d-aaa3-e6dbe68fe1f3]  Uncaught Exception occurred, error: Error: EBUSY: resource busy or locked, open 'C:\Users\giver\.browserstack\BrowserStackLocal.exe', error stack trace: Error: EBUSY: resource busy or locked, open 'C:\Users\giver\.browserstack\BrowserStackLocal.exe'
2026-04-28T19:30:39.324Z CLI info [main]  [p7hjiiahbdjo6tpksgs6op6c6nq3m3rcfn66r3yp]  [fcb124cb-f722-470d-aaa3-e6dbe68fe1f3]  Upgrade available: Please update from beta to the latest stable version.
2026-04-28T19:30:39.324Z CLI error [main]  [p7hjiiahbdjo6tpksgs6op6c6nq3m3rcfn66r3yp]  [fcb124cb-f722-470d-aaa3-e6dbe68fe1f3]  error: Error: EBUSY: resource busy or locked, open 'C:\Users\giver\.browserstack\BrowserStackLocal.exe'
2026-04-28T19:30:39.333Z CLI info [main]  [p7hjiiahbdjo6tpksgs6op6c6nq3m3rcfn66r3yp]  [fcb124cb-f722-470d-aaa3-e6dbe68fe1f3]  Received graceful signal termination (none), performing cleanup
2026-04-28T19:30:39.334Z CLI info  [p7hjiiahbdjo6tpksgs6op6c6nq3m3rcfn66r3yp]  [fcb124cb-f722-470d-aaa3-e6dbe68fe1f3]  [PRODUCTION] Making PUT request to https://collector-observability.browserstack.com
2026-04-28T19:30:40.784Z CLI info [testhub:module]  [p7hjiiahbdjo6tpksgs6op6c6nq3m3rcfn66r3yp]  [fcb124cb-f722-470d-aaa3-e6dbe68fe1f3]  stopBuild: p7hjiiahbdjo6tpksgs6op6c6nq3m3rcfn66r3yp request={"finished_at":"2026-04-28T19:30:39.333Z","finished_metadata":[],"custom_metadata":null} response={"data":""}
2026-04-28T19:55:07.184Z CLI info [main]    Server listening on port: 5400
2026-04-28T19:55:07.233Z CLI info    Config : {"platforms":[{"os":"Windows","osVersion":"11","browserName":"chrome","browserVersion":"latest"}],"browserstackLocal":true,"buildName":"Avotech-Regression-TestSuite","video":true,"interactiveDebugging":true}
2026-04-28T19:55:07.252Z CLI info    Should start debug utility: undefined
2026-04-28T19:55:07.257Z CLI info [testhub:module]   [c62b8b7e-0dc6-46f8-a6a6-70bac714f2ed]  Starting testhub from 32316:0
2026-04-28T19:55:07.258Z CLI info   [c62b8b7e-0dc6-46f8-a6a6-70bac714f2ed]  [PRODUCTION] Making POST request to https://sdk.browserstack.com
2026-04-28T19:55:07.260Z CLI info   [c62b8b7e-0dc6-46f8-a6a6-70bac714f2ed]  [PRODUCTION] Making GET request to https://hub.browserstack.com
2026-04-28T19:55:08.556Z CLI info   [c62b8b7e-0dc6-46f8-a6a6-70bac714f2ed]  [PRODUCTION] Making GET request to https://hub-use.browserstack.com
2026-04-28T19:55:08.557Z CLI info   [c62b8b7e-0dc6-46f8-a6a6-70bac714f2ed]  [PRODUCTION] Making GET request to https://hub-usw.browserstack.com
2026-04-28T19:55:08.558Z CLI info   [c62b8b7e-0dc6-46f8-a6a6-70bac714f2ed]  [PRODUCTION] Making GET request to https://hub-euw.browserstack.com
2026-04-28T19:55:09.195Z CLI info [testhub:module]   [c62b8b7e-0dc6-46f8-a6a6-70bac714f2ed]  startBuild: response=oegvvpy3fgsbcty61dycygfakbo6oylgw8ziibmx
2026-04-28T19:55:09.199Z CLI info  [oegvvpy3fgsbcty61dycygfakbo6oylgw8ziibmx]  [c62b8b7e-0dc6-46f8-a6a6-70bac714f2ed]  [PRODUCTION] Making POST request to https://api.browserstack.com
2026-04-28T19:55:11.138Z CLI info [main]  [oegvvpy3fgsbcty61dycygfakbo6oylgw8ziibmx]  [c62b8b7e-0dc6-46f8-a6a6-70bac714f2ed]  Uncaught Exception occurred, error: Error: EBUSY: resource busy or locked, open 'C:\Users\giver\.browserstack\BrowserStackLocal.exe', error stack trace: Error: EBUSY: resource busy or locked, open 'C:\Users\giver\.browserstack\BrowserStackLocal.exe'
2026-04-28T19:55:11.138Z CLI info [main]  [oegvvpy3fgsbcty61dycygfakbo6oylgw8ziibmx]  [c62b8b7e-0dc6-46f8-a6a6-70bac714f2ed]  Upgrade available: Please update from beta to the latest stable version.
2026-04-28T19:55:11.138Z CLI error [main]  [oegvvpy3fgsbcty61dycygfakbo6oylgw8ziibmx]  [c62b8b7e-0dc6-46f8-a6a6-70bac714f2ed]  error: Error: EBUSY: resource busy or locked, open 'C:\Users\giver\.browserstack\BrowserStackLocal.exe'
2026-04-28T19:55:11.144Z CLI info [main]  [oegvvpy3fgsbcty61dycygfakbo6oylgw8ziibmx]  [c62b8b7e-0dc6-46f8-a6a6-70bac714f2ed]  Received graceful signal termination (none), performing cleanup
2026-04-28T19:55:11.145Z CLI info  [oegvvpy3fgsbcty61dycygfakbo6oylgw8ziibmx]  [c62b8b7e-0dc6-46f8-a6a6-70bac714f2ed]  [PRODUCTION] Making PUT request to https://collector-observability.browserstack.com
2026-04-28T19:55:12.114Z CLI info [testhub:module]  [oegvvpy3fgsbcty61dycygfakbo6oylgw8ziibmx]  [c62b8b7e-0dc6-46f8-a6a6-70bac714f2ed]  stopBuild: oegvvpy3fgsbcty61dycygfakbo6oylgw8ziibmx request={"finished_at":"2026-04-28T19:55:11.145Z","finished_metadata":[],"custom_metadata":null} response={"data":""}
2026-04-28T20:00:29.539Z CLI info [main]    Server listening on port: 5400
2026-04-28T20:00:29.584Z CLI info    Config : {"platforms":[{"os":"Windows","osVersion":"11","browserName":"chrome","browserVersion":"latest"}],"browserstackLocal":true,"buildName":"Avotech-Regression-TestSuite","video":true,"interactiveDebugging":true}
2026-04-28T20:00:29.599Z CLI info    Should start debug utility: undefined
2026-04-28T20:00:29.603Z CLI info [testhub:module]   [45797d1d-f097-4a89-a18f-9d41f19352d1]  Starting testhub from 36284:0
2026-04-28T20:00:29.605Z CLI info   [45797d1d-f097-4a89-a18f-9d41f19352d1]  [PRODUCTION] Making POST request to https://sdk.browserstack.com
2026-04-28T20:00:29.606Z CLI info   [45797d1d-f097-4a89-a18f-9d41f19352d1]  [PRODUCTION] Making GET request to https://hub.browserstack.com
2026-04-28T20:00:30.839Z CLI info   [45797d1d-f097-4a89-a18f-9d41f19352d1]  [PRODUCTION] Making GET request to https://hub-use.browserstack.com
2026-04-28T20:00:30.840Z CLI info   [45797d1d-f097-4a89-a18f-9d41f19352d1]  [PRODUCTION] Making GET request to https://hub-usw.browserstack.com
2026-04-28T20:00:30.840Z CLI info   [45797d1d-f097-4a89-a18f-9d41f19352d1]  [PRODUCTION] Making GET request to https://hub-euw.browserstack.com
2026-04-28T20:00:31.411Z CLI info [testhub:module]   [45797d1d-f097-4a89-a18f-9d41f19352d1]  startBuild: response=ir48bgmzxhujhmzumqzgk4p4b8h1nv1srcgjrhpc
2026-04-28T20:00:31.412Z CLI info  [ir48bgmzxhujhmzumqzgk4p4b8h1nv1srcgjrhpc]  [45797d1d-f097-4a89-a18f-9d41f19352d1]  [PRODUCTION] Making POST request to https://api.browserstack.com
2026-04-28T20:00:33.666Z CLI info [main]  [ir48bgmzxhujhmzumqzgk4p4b8h1nv1srcgjrhpc]  [45797d1d-f097-4a89-a18f-9d41f19352d1]  Uncaught Exception occurred, error: Error: EBUSY: resource busy or locked, open 'C:\Users\giver\.browserstack\BrowserStackLocal.exe', error stack trace: Error: EBUSY: resource busy or locked, open 'C:\Users\giver\.browserstack\BrowserStackLocal.exe'
2026-04-28T20:00:33.666Z CLI info [main]  [ir48bgmzxhujhmzumqzgk4p4b8h1nv1srcgjrhpc]  [45797d1d-f097-4a89-a18f-9d41f19352d1]  Upgrade available: Please update from beta to the latest stable version.
2026-04-28T20:00:33.666Z CLI error [main]  [ir48bgmzxhujhmzumqzgk4p4b8h1nv1srcgjrhpc]  [45797d1d-f097-4a89-a18f-9d41f19352d1]  error: Error: EBUSY: resource busy or locked, open 'C:\Users\giver\.browserstack\BrowserStackLocal.exe'
2026-04-28T20:00:33.672Z CLI info [main]  [ir48bgmzxhujhmzumqzgk4p4b8h1nv1srcgjrhpc]  [45797d1d-f097-4a89-a18f-9d41f19352d1]  Received graceful signal termination (none), performing cleanup
2026-04-28T20:00:33.673Z CLI info  [ir48bgmzxhujhmzumqzgk4p4b8h1nv1srcgjrhpc]  [45797d1d-f097-4a89-a18f-9d41f19352d1]  [PRODUCTION] Making PUT request to https://collector-observability.browserstack.com
2026-04-28T20:00:34.943Z CLI info [testhub:module]  [ir48bgmzxhujhmzumqzgk4p4b8h1nv1srcgjrhpc]  [45797d1d-f097-4a89-a18f-9d41f19352d1]  stopBuild: ir48bgmzxhujhmzumqzgk4p4b8h1nv1srcgjrhpc request={"finished_at":"2026-04-28T20:00:33.673Z","finished_metadata":[],"custom_metadata":null} response={"data":""}
2026-04-28T20:11:13.361Z CLI info [main]    Server listening on port: 5400
2026-04-28T20:11:13.412Z CLI info    Config : {"platforms":[{"os":"Windows","osVersion":"11","browserName":"chrome","browserVersion":"latest"}],"browserstackLocal":true,"buildName":"Avotech-Regression-TestSuite","video":true,"interactiveDebugging":true}
2026-04-28T20:11:13.434Z CLI info    Should start debug utility: undefined
2026-04-28T20:11:13.439Z CLI info [testhub:module]   [6f69462e-1ad2-4d53-a621-5f84040e818f]  Starting testhub from 19624:0
2026-04-28T20:11:13.440Z CLI info   [6f69462e-1ad2-4d53-a621-5f84040e818f]  [PRODUCTION] Making POST request to https://sdk.browserstack.com
2026-04-28T20:11:13.442Z CLI info   [6f69462e-1ad2-4d53-a621-5f84040e818f]  [PRODUCTION] Making GET request to https://hub.browserstack.com
2026-04-28T20:11:14.708Z CLI info   [6f69462e-1ad2-4d53-a621-5f84040e818f]  [PRODUCTION] Making GET request to https://hub-use.browserstack.com
2026-04-28T20:11:14.708Z CLI info   [6f69462e-1ad2-4d53-a621-5f84040e818f]  [PRODUCTION] Making GET request to https://hub-usw.browserstack.com
2026-04-28T20:11:14.709Z CLI info   [6f69462e-1ad2-4d53-a621-5f84040e818f]  [PRODUCTION] Making GET request to https://hub-euw.browserstack.com
2026-04-28T20:11:15.512Z CLI info [testhub:module]   [6f69462e-1ad2-4d53-a621-5f84040e818f]  startBuild: response=wrafwsyvn1mjbdxka6goybhltobx48nlhxnm2y8o
2026-04-28T20:11:15.513Z CLI info  [wrafwsyvn1mjbdxka6goybhltobx48nlhxnm2y8o]  [6f69462e-1ad2-4d53-a621-5f84040e818f]  [PRODUCTION] Making POST request to https://api.browserstack.com
2026-04-28T20:11:17.437Z CLI info [main]  [wrafwsyvn1mjbdxka6goybhltobx48nlhxnm2y8o]  [6f69462e-1ad2-4d53-a621-5f84040e818f]  Uncaught Exception occurred, error: Error: EBUSY: resource busy or locked, open 'C:\Users\giver\.browserstack\BrowserStackLocal.exe', error stack trace: Error: EBUSY: resource busy or locked, open 'C:\Users\giver\.browserstack\BrowserStackLocal.exe'
2026-04-28T20:11:17.437Z CLI info [main]  [wrafwsyvn1mjbdxka6goybhltobx48nlhxnm2y8o]  [6f69462e-1ad2-4d53-a621-5f84040e818f]  Upgrade available: Please update from beta to the latest stable version.
2026-04-28T20:11:17.438Z CLI error [main]  [wrafwsyvn1mjbdxka6goybhltobx48nlhxnm2y8o]  [6f69462e-1ad2-4d53-a621-5f84040e818f]  error: Error: EBUSY: resource busy or locked, open 'C:\Users\giver\.browserstack\BrowserStackLocal.exe'
2026-04-28T20:11:17.444Z CLI info [main]  [wrafwsyvn1mjbdxka6goybhltobx48nlhxnm2y8o]  [6f69462e-1ad2-4d53-a621-5f84040e818f]  Received graceful signal termination (none), performing cleanup
2026-04-28T20:11:17.446Z CLI info  [wrafwsyvn1mjbdxka6goybhltobx48nlhxnm2y8o]  [6f69462e-1ad2-4d53-a621-5f84040e818f]  [PRODUCTION] Making PUT request to https://collector-observability.browserstack.com
2026-04-28T20:11:18.683Z CLI info [testhub:module]  [wrafwsyvn1mjbdxka6goybhltobx48nlhxnm2y8o]  [6f69462e-1ad2-4d53-a621-5f84040e818f]  stopBuild: wrafwsyvn1mjbdxka6goybhltobx48nlhxnm2y8o request={"finished_at":"2026-04-28T20:11:17.445Z","finished_metadata":[],"custom_metadata":null} response={"data":""}
2026-05-04T15:35:16.892Z CLI info [main]    Server listening on port: 5400
2026-05-04T15:35:16.948Z CLI info    Config : {"platforms":[{"os":"Windows","osVersion":"11","browserName":"chrome","browserVersion":"latest"}],"browserstackLocal":true,"buildName":"Avotech-Regression-TestSuite","video":true,"interactiveDebugging":true}
2026-05-04T15:35:16.985Z CLI info    Should start debug utility: undefined
2026-05-04T15:35:16.989Z CLI info [testhub:module]   [a88ce09a-55a1-4a38-bd49-681d444b5443]  Starting testhub from 11744:0
2026-05-04T15:35:16.990Z CLI info   [a88ce09a-55a1-4a38-bd49-681d444b5443]  [PRODUCTION] Making POST request to https://sdk.browserstack.com
2026-05-04T15:35:16.992Z CLI info   [a88ce09a-55a1-4a38-bd49-681d444b5443]  [PRODUCTION] Making GET request to https://hub.browserstack.com
2026-05-04T15:35:17.330Z CLI info   [a88ce09a-55a1-4a38-bd49-681d444b5443]  [PRODUCTION] Making GET request to https://hub-aps.browserstack.com
2026-05-04T15:35:17.331Z CLI info   [a88ce09a-55a1-4a38-bd49-681d444b5443]  [PRODUCTION] Making GET request to https://hub-euw.browserstack.com
2026-05-04T15:35:17.331Z CLI info   [a88ce09a-55a1-4a38-bd49-681d444b5443]  [PRODUCTION] Making GET request to https://hub-apse.browserstack.com
2026-05-04T15:35:18.175Z CLI info [testhub:module]   [a88ce09a-55a1-4a38-bd49-681d444b5443]  startBuild: response=xqmp308jzgmyi5bvjtdyfaayxztb5dewhnllo4ru
2026-05-04T15:35:18.178Z CLI info  [xqmp308jzgmyi5bvjtdyfaayxztb5dewhnllo4ru]  [a88ce09a-55a1-4a38-bd49-681d444b5443]  [PRODUCTION] Making POST request to https://api.browserstack.com
2026-05-04T15:35:19.102Z CLI info [main]  [xqmp308jzgmyi5bvjtdyfaayxztb5dewhnllo4ru]  [a88ce09a-55a1-4a38-bd49-681d444b5443]  Uncaught Exception occurred, error: Error: EBUSY: resource busy or locked, open 'C:\Users\giver\.browserstack\BrowserStackLocal.exe', error stack trace: Error: EBUSY: resource busy or locked, open 'C:\Users\giver\.browserstack\BrowserStackLocal.exe'
2026-05-04T15:35:19.102Z CLI info [main]  [xqmp308jzgmyi5bvjtdyfaayxztb5dewhnllo4ru]  [a88ce09a-55a1-4a38-bd49-681d444b5443]  Upgrade available: Please update from beta to the latest stable version.
2026-05-04T15:35:19.102Z CLI error [main]  [xqmp308jzgmyi5bvjtdyfaayxztb5dewhnllo4ru]  [a88ce09a-55a1-4a38-bd49-681d444b5443]  error: Error: EBUSY: resource busy or locked, open 'C:\Users\giver\.browserstack\BrowserStackLocal.exe'
2026-05-04T15:35:19.107Z CLI info [main]  [xqmp308jzgmyi5bvjtdyfaayxztb5dewhnllo4ru]  [a88ce09a-55a1-4a38-bd49-681d444b5443]  Received graceful signal termination (none), performing cleanup
2026-05-04T15:35:19.109Z CLI info  [xqmp308jzgmyi5bvjtdyfaayxztb5dewhnllo4ru]  [a88ce09a-55a1-4a38-bd49-681d444b5443]  [PRODUCTION] Making PUT request to https://collector-observability.browserstack.com
2026-05-04T15:35:20.248Z CLI info [testhub:module]  [xqmp308jzgmyi5bvjtdyfaayxztb5dewhnllo4ru]  [a88ce09a-55a1-4a38-bd49-681d444b5443]  stopBuild: xqmp308jzgmyi5bvjtdyfaayxztb5dewhnllo4ru request={"finished_at":"2026-05-04T15:35:19.108Z","finished_metadata":[],"custom_metadata":null} response={"data":""}
2026-05-04T17:56:18.575Z CLI info [main]    Server listening on port: 5400
2026-05-04T17:56:18.635Z CLI info    Config : {"platforms":[{"os":"Windows","osVersion":"11","browserName":"chrome","browserVersion":"latest"}],"browserstackLocal":true,"buildName":"Avotech-Regression-TestSuite","video":true,"interactiveDebugging":true}
2026-05-04T17:56:18.677Z CLI info    Should start debug utility: undefined
2026-05-04T17:56:18.681Z CLI info [testhub:module]   [f0a575c3-3130-4dfa-9151-940b97a0480d]  Starting testhub from 19892:0
2026-05-04T17:56:18.686Z CLI info   [f0a575c3-3130-4dfa-9151-940b97a0480d]  [PRODUCTION] Making POST request to https://sdk.browserstack.com
2026-05-04T17:56:18.695Z CLI info   [f0a575c3-3130-4dfa-9151-940b97a0480d]  [PRODUCTION] Making GET request to https://hub.browserstack.com
2026-05-04T17:56:19.973Z CLI info   [f0a575c3-3130-4dfa-9151-940b97a0480d]  [PRODUCTION] Making GET request to https://hub-use.browserstack.com
2026-05-04T17:56:19.974Z CLI info   [f0a575c3-3130-4dfa-9151-940b97a0480d]  [PRODUCTION] Making GET request to https://hub-usw.browserstack.com
2026-05-04T17:56:19.974Z CLI info   [f0a575c3-3130-4dfa-9151-940b97a0480d]  [PRODUCTION] Making GET request to https://hub-euw.browserstack.com
2026-05-04T17:56:21.013Z CLI info [testhub:module]   [f0a575c3-3130-4dfa-9151-940b97a0480d]  startBuild: response=wrbiipriml2h3f1rlce45teuw60clxfm2zvizu9z
2026-05-04T17:56:21.014Z CLI info  [wrbiipriml2h3f1rlce45teuw60clxfm2zvizu9z]  [f0a575c3-3130-4dfa-9151-940b97a0480d]  [PRODUCTION] Making POST request to https://api.browserstack.com
2026-05-04T17:56:22.928Z CLI info [main]  [wrbiipriml2h3f1rlce45teuw60clxfm2zvizu9z]  [f0a575c3-3130-4dfa-9151-940b97a0480d]  Uncaught Exception occurred, error: Error: EBUSY: resource busy or locked, open 'C:\Users\giver\.browserstack\BrowserStackLocal.exe', error stack trace: Error: EBUSY: resource busy or locked, open 'C:\Users\giver\.browserstack\BrowserStackLocal.exe'
2026-05-04T17:56:22.929Z CLI info [main]  [wrbiipriml2h3f1rlce45teuw60clxfm2zvizu9z]  [f0a575c3-3130-4dfa-9151-940b97a0480d]  Upgrade available: Please update from beta to the latest stable version.
2026-05-04T17:56:22.929Z CLI error [main]  [wrbiipriml2h3f1rlce45teuw60clxfm2zvizu9z]  [f0a575c3-3130-4dfa-9151-940b97a0480d]  error: Error: EBUSY: resource busy or locked, open 'C:\Users\giver\.browserstack\BrowserStackLocal.exe'
2026-05-04T17:56:22.942Z CLI info [main]  [wrbiipriml2h3f1rlce45teuw60clxfm2zvizu9z]  [f0a575c3-3130-4dfa-9151-940b97a0480d]  Received graceful signal termination (none), performing cleanup
2026-05-04T17:56:22.946Z CLI info  [wrbiipriml2h3f1rlce45teuw60clxfm2zvizu9z]  [f0a575c3-3130-4dfa-9151-940b97a0480d]  [PRODUCTION] Making PUT request to https://collector-observability.browserstack.com
2026-05-04T17:56:24.241Z CLI info [testhub:module]  [wrbiipriml2h3f1rlce45teuw60clxfm2zvizu9z]  [f0a575c3-3130-4dfa-9151-940b97a0480d]  stopBuild: wrbiipriml2h3f1rlce45teuw60clxfm2zvizu9z request={"finished_at":"2026-05-04T17:56:22.943Z","finished_metadata":[],"custom_metadata":null} response={"data":""}
2026-05-04T19:58:02.440Z CLI info [main]    Server listening on port: 5400
2026-05-04T19:58:02.498Z CLI info    Config : {"platforms":[{"os":"Windows","osVersion":"11","browserName":"chrome","browserVersion":"latest"}],"browserstackLocal":true,"buildName":"Avotech-Regression-TestSuite","video":true,"interactiveDebugging":true}
2026-05-04T19:58:02.533Z CLI info    Should start debug utility: undefined
2026-05-04T19:58:02.537Z CLI info [testhub:module]   [191ec8f4-d162-45f5-b5b7-0a3df83855f6]  Starting testhub from 24992:0
2026-05-04T19:58:02.538Z CLI info   [191ec8f4-d162-45f5-b5b7-0a3df83855f6]  [PRODUCTION] Making POST request to https://sdk.browserstack.com
2026-05-04T19:58:02.540Z CLI info   [191ec8f4-d162-45f5-b5b7-0a3df83855f6]  [PRODUCTION] Making GET request to https://hub.browserstack.com
2026-05-04T19:58:03.881Z CLI info   [191ec8f4-d162-45f5-b5b7-0a3df83855f6]  [PRODUCTION] Making GET request to https://hub-use.browserstack.com
2026-05-04T19:58:03.883Z CLI info   [191ec8f4-d162-45f5-b5b7-0a3df83855f6]  [PRODUCTION] Making GET request to https://hub-usw.browserstack.com
2026-05-04T19:58:03.884Z CLI info   [191ec8f4-d162-45f5-b5b7-0a3df83855f6]  [PRODUCTION] Making GET request to https://hub-euw.browserstack.com
2026-05-04T19:58:04.616Z CLI info [testhub:module]   [191ec8f4-d162-45f5-b5b7-0a3df83855f6]  startBuild: response=2pqegb2grl6rnacnqkf3e9kgbmrpmx2nlrpuqwui
2026-05-04T19:58:04.620Z CLI info  [2pqegb2grl6rnacnqkf3e9kgbmrpmx2nlrpuqwui]  [191ec8f4-d162-45f5-b5b7-0a3df83855f6]  [PRODUCTION] Making POST request to https://api.browserstack.com
2026-05-04T19:58:06.568Z CLI info [main]  [2pqegb2grl6rnacnqkf3e9kgbmrpmx2nlrpuqwui]  [191ec8f4-d162-45f5-b5b7-0a3df83855f6]  Uncaught Exception occurred, error: Error: EBUSY: resource busy or locked, open 'C:\Users\giver\.browserstack\BrowserStackLocal.exe', error stack trace: Error: EBUSY: resource busy or locked, open 'C:\Users\giver\.browserstack\BrowserStackLocal.exe'
2026-05-04T19:58:06.568Z CLI info [main]  [2pqegb2grl6rnacnqkf3e9kgbmrpmx2nlrpuqwui]  [191ec8f4-d162-45f5-b5b7-0a3df83855f6]  Upgrade available: Please update from beta to the latest stable version.
2026-05-04T19:58:06.568Z CLI error [main]  [2pqegb2grl6rnacnqkf3e9kgbmrpmx2nlrpuqwui]  [191ec8f4-d162-45f5-b5b7-0a3df83855f6]  error: Error: EBUSY: resource busy or locked, open 'C:\Users\giver\.browserstack\BrowserStackLocal.exe'
2026-05-04T19:58:06.571Z CLI info [main]  [2pqegb2grl6rnacnqkf3e9kgbmrpmx2nlrpuqwui]  [191ec8f4-d162-45f5-b5b7-0a3df83855f6]  Received graceful signal termination (none), performing cleanup
2026-05-04T19:58:06.574Z CLI info  [2pqegb2grl6rnacnqkf3e9kgbmrpmx2nlrpuqwui]  [191ec8f4-d162-45f5-b5b7-0a3df83855f6]  [PRODUCTION] Making PUT request to https://collector-observability.browserstack.com
2026-05-04T19:58:07.876Z CLI info [testhub:module]  [2pqegb2grl6rnacnqkf3e9kgbmrpmx2nlrpuqwui]  [191ec8f4-d162-45f5-b5b7-0a3df83855f6]  stopBuild: 2pqegb2grl6rnacnqkf3e9kgbmrpmx2nlrpuqwui request={"finished_at":"2026-05-04T19:58:06.572Z","finished_metadata":[],"custom_metadata":null} response={"data":""}
2026-05-04T20:19:51.654Z CLI info [main]    Server listening on port: 5400
2026-05-04T20:19:51.728Z CLI info    Config : {"platforms":[{"os":"Windows","osVersion":"11","browserName":"chrome","browserVersion":"latest"}],"browserstackLocal":true,"buildName":"Avotech-Regression-TestSuite","video":true,"interactiveDebugging":true}
2026-05-04T20:19:51.827Z CLI info    Should start debug utility: undefined
2026-05-04T20:19:51.837Z CLI info [testhub:module]   [a3d70e22-e9fe-48a2-a436-8272c82b33f9]  Starting testhub from 7164:0
2026-05-04T20:19:51.838Z CLI info   [a3d70e22-e9fe-48a2-a436-8272c82b33f9]  [PRODUCTION] Making POST request to https://sdk.browserstack.com
2026-05-04T20:19:51.840Z CLI info   [a3d70e22-e9fe-48a2-a436-8272c82b33f9]  [PRODUCTION] Making GET request to https://hub.browserstack.com
2026-05-04T20:19:53.150Z CLI info   [a3d70e22-e9fe-48a2-a436-8272c82b33f9]  [PRODUCTION] Making GET request to https://hub-use.browserstack.com
2026-05-04T20:19:53.151Z CLI info   [a3d70e22-e9fe-48a2-a436-8272c82b33f9]  [PRODUCTION] Making GET request to https://hub-usw.browserstack.com
2026-05-04T20:19:53.152Z CLI info   [a3d70e22-e9fe-48a2-a436-8272c82b33f9]  [PRODUCTION] Making GET request to https://hub-euw.browserstack.com
2026-05-04T20:19:53.981Z CLI info [testhub:module]   [a3d70e22-e9fe-48a2-a436-8272c82b33f9]  startBuild: response=zjxobgmgnd8gqkktmswfj6iftxxpg3justlsoc8m
2026-05-04T20:19:53.983Z CLI info  [zjxobgmgnd8gqkktmswfj6iftxxpg3justlsoc8m]  [a3d70e22-e9fe-48a2-a436-8272c82b33f9]  [PRODUCTION] Making POST request to https://api.browserstack.com
2026-05-04T20:19:55.911Z CLI info [main]  [zjxobgmgnd8gqkktmswfj6iftxxpg3justlsoc8m]  [a3d70e22-e9fe-48a2-a436-8272c82b33f9]  Uncaught Exception occurred, error: Error: EBUSY: resource busy or locked, open 'C:\Users\giver\.browserstack\BrowserStackLocal.exe', error stack trace: Error: EBUSY: resource busy or locked, open 'C:\Users\giver\.browserstack\BrowserStackLocal.exe'
2026-05-04T20:19:55.911Z CLI info [main]  [zjxobgmgnd8gqkktmswfj6iftxxpg3justlsoc8m]  [a3d70e22-e9fe-48a2-a436-8272c82b33f9]  Upgrade available: Please update from beta to the latest stable version.
2026-05-04T20:19:55.911Z CLI error [main]  [zjxobgmgnd8gqkktmswfj6iftxxpg3justlsoc8m]  [a3d70e22-e9fe-48a2-a436-8272c82b33f9]  error: Error: EBUSY: resource busy or locked, open 'C:\Users\giver\.browserstack\BrowserStackLocal.exe'
2026-05-04T20:19:55.914Z CLI info [main]  [zjxobgmgnd8gqkktmswfj6iftxxpg3justlsoc8m]  [a3d70e22-e9fe-48a2-a436-8272c82b33f9]  Received graceful signal termination (none), performing cleanup
2026-05-04T20:19:55.915Z CLI info  [zjxobgmgnd8gqkktmswfj6iftxxpg3justlsoc8m]  [a3d70e22-e9fe-48a2-a436-8272c82b33f9]  [PRODUCTION] Making PUT request to https://collector-observability.browserstack.com
2026-05-04T20:19:57.200Z CLI info [testhub:module]  [zjxobgmgnd8gqkktmswfj6iftxxpg3justlsoc8m]  [a3d70e22-e9fe-48a2-a436-8272c82b33f9]  stopBuild: zjxobgmgnd8gqkktmswfj6iftxxpg3justlsoc8m request={"finished_at":"2026-05-04T20:19:55.915Z","finished_metadata":[],"custom_metadata":null} response={"data":""}
2026-05-05T09:33:15.559Z CLI info [main]    Server listening on port: 5400
2026-05-05T09:33:15.623Z CLI info    Config : {"platforms":[{"os":"Windows","osVersion":"11","browserName":"chrome","browserVersion":"latest"}],"browserstackLocal":true,"buildName":"Avotech-Regression-TestSuite","video":true,"interactiveDebugging":true}
2026-05-05T09:33:15.716Z CLI info    Should start debug utility: undefined
2026-05-05T09:33:15.719Z CLI info [testhub:module]   [1c811d1e-baba-424b-b3dd-62161298da43]  Starting testhub from 19048:0
2026-05-05T09:33:15.720Z CLI info   [1c811d1e-baba-424b-b3dd-62161298da43]  [PRODUCTION] Making POST request to https://sdk.browserstack.com
2026-05-05T09:33:15.722Z CLI info   [1c811d1e-baba-424b-b3dd-62161298da43]  [PRODUCTION] Making GET request to https://hub.browserstack.com
2026-05-05T09:33:16.109Z CLI info   [1c811d1e-baba-424b-b3dd-62161298da43]  [PRODUCTION] Making GET request to https://hub-aps.browserstack.com
2026-05-05T09:33:16.110Z CLI info   [1c811d1e-baba-424b-b3dd-62161298da43]  [PRODUCTION] Making GET request to https://hub-euw.browserstack.com
2026-05-05T09:33:16.111Z CLI info   [1c811d1e-baba-424b-b3dd-62161298da43]  [PRODUCTION] Making GET request to https://hub-apse.browserstack.com
2026-05-05T09:33:17.023Z CLI info [testhub:module]   [1c811d1e-baba-424b-b3dd-62161298da43]  startBuild: response=4ydwnk9h1es40hch0bofstwd70saiuuqk1d7rb7m
2026-05-05T09:33:17.025Z CLI info  [4ydwnk9h1es40hch0bofstwd70saiuuqk1d7rb7m]  [1c811d1e-baba-424b-b3dd-62161298da43]  [PRODUCTION] Making POST request to https://api.browserstack.com
2026-05-05T09:33:17.713Z CLI info [main]  [4ydwnk9h1es40hch0bofstwd70saiuuqk1d7rb7m]  [1c811d1e-baba-424b-b3dd-62161298da43]  Uncaught Exception occurred, error: Error: EBUSY: resource busy or locked, open 'C:\Users\giver\.browserstack\BrowserStackLocal.exe', error stack trace: Error: EBUSY: resource busy or locked, open 'C:\Users\giver\.browserstack\BrowserStackLocal.exe'
2026-05-05T09:33:17.713Z CLI info [main]  [4ydwnk9h1es40hch0bofstwd70saiuuqk1d7rb7m]  [1c811d1e-baba-424b-b3dd-62161298da43]  Upgrade available: Please update from beta to the latest stable version.
2026-05-05T09:33:17.714Z CLI error [main]  [4ydwnk9h1es40hch0bofstwd70saiuuqk1d7rb7m]  [1c811d1e-baba-424b-b3dd-62161298da43]  error: Error: EBUSY: resource busy or locked, open 'C:\Users\giver\.browserstack\BrowserStackLocal.exe'
2026-05-05T09:33:17.716Z CLI info [main]  [4ydwnk9h1es40hch0bofstwd70saiuuqk1d7rb7m]  [1c811d1e-baba-424b-b3dd-62161298da43]  Received graceful signal termination (none), performing cleanup
2026-05-05T09:33:17.717Z CLI info  [4ydwnk9h1es40hch0bofstwd70saiuuqk1d7rb7m]  [1c811d1e-baba-424b-b3dd-62161298da43]  [PRODUCTION] Making PUT request to https://collector-observability.browserstack.com
2026-05-05T09:33:18.743Z CLI info [testhub:module]  [4ydwnk9h1es40hch0bofstwd70saiuuqk1d7rb7m]  [1c811d1e-baba-424b-b3dd-62161298da43]  stopBuild: 4ydwnk9h1es40hch0bofstwd70saiuuqk1d7rb7m request={"finished_at":"2026-05-05T09:33:17.716Z","finished_metadata":[],"custom_metadata":null} response={"data":""}
2026-05-05T16:17:04.045Z CLI info [main]    Server listening on port: 5400
2026-05-05T16:17:04.118Z CLI info    Config : {"platforms":[{"os":"Windows","osVersion":"11","browserName":"chrome","browserVersion":"latest"}],"browserstackLocal":true,"buildName":"Avotech-Regression-TestSuite","video":true,"interactiveDebugging":true}
2026-05-05T16:17:04.161Z CLI info    Should start debug utility: undefined
2026-05-05T16:17:04.166Z CLI info [testhub:module]   [18939546-50ec-4db3-9f05-e87fea13f441]  Starting testhub from 3252:0
2026-05-05T16:17:04.167Z CLI info   [18939546-50ec-4db3-9f05-e87fea13f441]  [PRODUCTION] Making POST request to https://sdk.browserstack.com
2026-05-05T16:17:04.169Z CLI info   [18939546-50ec-4db3-9f05-e87fea13f441]  [PRODUCTION] Making GET request to https://hub.browserstack.com
2026-05-05T16:17:04.435Z CLI info   [18939546-50ec-4db3-9f05-e87fea13f441]  [PRODUCTION] Making GET request to https://hub-aps.browserstack.com
2026-05-05T16:17:04.436Z CLI info   [18939546-50ec-4db3-9f05-e87fea13f441]  [PRODUCTION] Making GET request to https://hub-euw.browserstack.com
2026-05-05T16:17:04.436Z CLI info   [18939546-50ec-4db3-9f05-e87fea13f441]  [PRODUCTION] Making GET request to https://hub-apse.browserstack.com
2026-05-05T16:17:05.324Z CLI info [testhub:module]   [18939546-50ec-4db3-9f05-e87fea13f441]  startBuild: response=fieoplo43drfwyd2ku3mgdr3ei6jrwi6js9zmnx8
2026-05-05T16:17:05.326Z CLI info  [fieoplo43drfwyd2ku3mgdr3ei6jrwi6js9zmnx8]  [18939546-50ec-4db3-9f05-e87fea13f441]  [PRODUCTION] Making POST request to https://api.browserstack.com
2026-05-05T16:17:05.977Z CLI info [main]  [fieoplo43drfwyd2ku3mgdr3ei6jrwi6js9zmnx8]  [18939546-50ec-4db3-9f05-e87fea13f441]  Uncaught Exception occurred, error: Error: EBUSY: resource busy or locked, open 'C:\Users\giver\.browserstack\BrowserStackLocal.exe', error stack trace: Error: EBUSY: resource busy or locked, open 'C:\Users\giver\.browserstack\BrowserStackLocal.exe'
2026-05-05T16:17:05.977Z CLI info [main]  [fieoplo43drfwyd2ku3mgdr3ei6jrwi6js9zmnx8]  [18939546-50ec-4db3-9f05-e87fea13f441]  Upgrade available: Please update from beta to the latest stable version.
2026-05-05T16:17:05.977Z CLI error [main]  [fieoplo43drfwyd2ku3mgdr3ei6jrwi6js9zmnx8]  [18939546-50ec-4db3-9f05-e87fea13f441]  error: Error: EBUSY: resource busy or locked, open 'C:\Users\giver\.browserstack\BrowserStackLocal.exe'
2026-05-05T16:17:05.981Z CLI info [main]  [fieoplo43drfwyd2ku3mgdr3ei6jrwi6js9zmnx8]  [18939546-50ec-4db3-9f05-e87fea13f441]  Received graceful signal termination (none), performing cleanup
2026-05-05T16:17:05.983Z CLI info  [fieoplo43drfwyd2ku3mgdr3ei6jrwi6js9zmnx8]  [18939546-50ec-4db3-9f05-e87fea13f441]  [PRODUCTION] Making PUT request to https://collector-observability.browserstack.com
2026-05-05T16:17:06.908Z CLI info [testhub:module]  [fieoplo43drfwyd2ku3mgdr3ei6jrwi6js9zmnx8]  [18939546-50ec-4db3-9f05-e87fea13f441]  stopBuild: fieoplo43drfwyd2ku3mgdr3ei6jrwi6js9zmnx8 request={"finished_at":"2026-05-05T16:17:05.982Z","finished_metadata":[],"custom_metadata":null} response={"data":""}
2026-05-05T16:27:48.891Z CLI info [main]    Server listening on port: 5400
2026-05-05T16:27:48.939Z CLI info    Config : {"platforms":[{"os":"Windows","osVersion":"11","browserName":"chrome","browserVersion":"latest"}],"browserstackLocal":true,"buildName":"Avotech-Regression-TestSuite","video":true,"interactiveDebugging":true}
2026-05-05T16:27:48.957Z CLI info    Should start debug utility: undefined
2026-05-05T16:27:48.960Z CLI info [testhub:module]   [ba3ee7a3-ab6a-42f0-a360-eaad5d3a892f]  Starting testhub from 16000:0
2026-05-05T16:27:48.962Z CLI info   [ba3ee7a3-ab6a-42f0-a360-eaad5d3a892f]  [PRODUCTION] Making POST request to https://sdk.browserstack.com
2026-05-05T16:27:48.964Z CLI info   [ba3ee7a3-ab6a-42f0-a360-eaad5d3a892f]  [PRODUCTION] Making GET request to https://hub.browserstack.com
2026-05-05T16:27:49.239Z CLI info   [ba3ee7a3-ab6a-42f0-a360-eaad5d3a892f]  [PRODUCTION] Making GET request to https://hub-aps.browserstack.com
2026-05-05T16:27:49.241Z CLI info   [ba3ee7a3-ab6a-42f0-a360-eaad5d3a892f]  [PRODUCTION] Making GET request to https://hub-euw.browserstack.com
2026-05-05T16:27:49.242Z CLI info   [ba3ee7a3-ab6a-42f0-a360-eaad5d3a892f]  [PRODUCTION] Making GET request to https://hub-apse.browserstack.com
2026-05-05T16:27:50.336Z CLI info [testhub:module]   [ba3ee7a3-ab6a-42f0-a360-eaad5d3a892f]  startBuild: response=lhceu1o48ytqe52sgzuvtgrhietpwx8kcqehxjhn
2026-05-05T16:27:50.340Z CLI info  [lhceu1o48ytqe52sgzuvtgrhietpwx8kcqehxjhn]  [ba3ee7a3-ab6a-42f0-a360-eaad5d3a892f]  [PRODUCTION] Making POST request to https://api.browserstack.com
2026-05-05T16:27:51.309Z CLI info [main]  [lhceu1o48ytqe52sgzuvtgrhietpwx8kcqehxjhn]  [ba3ee7a3-ab6a-42f0-a360-eaad5d3a892f]  Uncaught Exception occurred, error: Error: EBUSY: resource busy or locked, open 'C:\Users\giver\.browserstack\BrowserStackLocal.exe', error stack trace: Error: EBUSY: resource busy or locked, open 'C:\Users\giver\.browserstack\BrowserStackLocal.exe'
2026-05-05T16:27:51.309Z CLI info [main]  [lhceu1o48ytqe52sgzuvtgrhietpwx8kcqehxjhn]  [ba3ee7a3-ab6a-42f0-a360-eaad5d3a892f]  Upgrade available: Please update from beta to the latest stable version.
2026-05-05T16:27:51.310Z CLI error [main]  [lhceu1o48ytqe52sgzuvtgrhietpwx8kcqehxjhn]  [ba3ee7a3-ab6a-42f0-a360-eaad5d3a892f]  error: Error: EBUSY: resource busy or locked, open 'C:\Users\giver\.browserstack\BrowserStackLocal.exe'
2026-05-05T16:27:51.316Z CLI info [main]  [lhceu1o48ytqe52sgzuvtgrhietpwx8kcqehxjhn]  [ba3ee7a3-ab6a-42f0-a360-eaad5d3a892f]  Received graceful signal termination (none), performing cleanup
2026-05-05T16:27:51.317Z CLI info  [lhceu1o48ytqe52sgzuvtgrhietpwx8kcqehxjhn]  [ba3ee7a3-ab6a-42f0-a360-eaad5d3a892f]  [PRODUCTION] Making PUT request to https://collector-observability.browserstack.com
2026-05-05T16:27:52.237Z CLI info [testhub:module]  [lhceu1o48ytqe52sgzuvtgrhietpwx8kcqehxjhn]  [ba3ee7a3-ab6a-42f0-a360-eaad5d3a892f]  stopBuild: lhceu1o48ytqe52sgzuvtgrhietpwx8kcqehxjhn request={"finished_at":"2026-05-05T16:27:51.317Z","finished_metadata":[],"custom_metadata":null} response={"data":""}
2026-05-06T18:59:18.781Z CLI info [main]    Server listening on port: 5400
2026-05-06T18:59:18.845Z CLI info    Config : {"platforms":[{"os":"Windows","osVersion":"11","browserName":"chrome","browserVersion":"latest"}],"browserstackLocal":true,"buildName":"Avotech-Regression-TestSuite","video":true,"interactiveDebugging":true}
2026-05-06T18:59:18.925Z CLI info    Should start debug utility: undefined
2026-05-06T18:59:18.929Z CLI info [testhub:module]   [e4642fb9-6950-409e-b061-534dfba2124d]  Starting testhub from 24396:0
2026-05-06T18:59:18.930Z CLI info   [e4642fb9-6950-409e-b061-534dfba2124d]  [PRODUCTION] Making POST request to https://sdk.browserstack.com
2026-05-06T18:59:18.932Z CLI info   [e4642fb9-6950-409e-b061-534dfba2124d]  [PRODUCTION] Making GET request to https://hub.browserstack.com
2026-05-06T18:59:20.214Z CLI info   [e4642fb9-6950-409e-b061-534dfba2124d]  [PRODUCTION] Making GET request to https://hub-use.browserstack.com
2026-05-06T18:59:20.216Z CLI info   [e4642fb9-6950-409e-b061-534dfba2124d]  [PRODUCTION] Making GET request to https://hub-usw.browserstack.com
2026-05-06T18:59:20.218Z CLI info   [e4642fb9-6950-409e-b061-534dfba2124d]  [PRODUCTION] Making GET request to https://hub-euw.browserstack.com
2026-05-06T18:59:20.964Z CLI info [testhub:module]   [e4642fb9-6950-409e-b061-534dfba2124d]  startBuild: response=knnazm7wr0jdrzwioyqt7bgwsvqatixwvld5wq8v
2026-05-06T18:59:20.966Z CLI info  [knnazm7wr0jdrzwioyqt7bgwsvqatixwvld5wq8v]  [e4642fb9-6950-409e-b061-534dfba2124d]  [PRODUCTION] Making POST request to https://api.browserstack.com
2026-05-06T18:59:22.874Z CLI info [main]  [knnazm7wr0jdrzwioyqt7bgwsvqatixwvld5wq8v]  [e4642fb9-6950-409e-b061-534dfba2124d]  Uncaught Exception occurred, error: Error: EBUSY: resource busy or locked, open 'C:\Users\giver\.browserstack\BrowserStackLocal.exe', error stack trace: Error: EBUSY: resource busy or locked, open 'C:\Users\giver\.browserstack\BrowserStackLocal.exe'
2026-05-06T18:59:22.874Z CLI info [main]  [knnazm7wr0jdrzwioyqt7bgwsvqatixwvld5wq8v]  [e4642fb9-6950-409e-b061-534dfba2124d]  Upgrade available: Please update from beta to the latest stable version.
2026-05-06T18:59:22.874Z CLI error [main]  [knnazm7wr0jdrzwioyqt7bgwsvqatixwvld5wq8v]  [e4642fb9-6950-409e-b061-534dfba2124d]  error: Error: EBUSY: resource busy or locked, open 'C:\Users\giver\.browserstack\BrowserStackLocal.exe'
2026-05-06T18:59:22.877Z CLI info [main]  [knnazm7wr0jdrzwioyqt7bgwsvqatixwvld5wq8v]  [e4642fb9-6950-409e-b061-534dfba2124d]  Received graceful signal termination (none), performing cleanup
2026-05-06T18:59:22.878Z CLI info  [knnazm7wr0jdrzwioyqt7bgwsvqatixwvld5wq8v]  [e4642fb9-6950-409e-b061-534dfba2124d]  [PRODUCTION] Making PUT request to https://collector-observability.browserstack.com
2026-05-06T18:59:24.150Z CLI info [testhub:module]  [knnazm7wr0jdrzwioyqt7bgwsvqatixwvld5wq8v]  [e4642fb9-6950-409e-b061-534dfba2124d]  stopBuild: knnazm7wr0jdrzwioyqt7bgwsvqatixwvld5wq8v request={"finished_at":"2026-05-06T18:59:22.877Z","finished_metadata":[],"custom_metadata":null} response={"data":""}
2026-05-06T19:22:46.104Z CLI info [main]    Server listening on port: 5400
2026-05-06T19:22:46.159Z CLI info    Config : {"platforms":[{"os":"Windows","osVersion":"11","browserName":"chrome","browserVersion":"latest"}],"browserstackLocal":true,"buildName":"Avotech-Regression-TestSuite","video":true,"interactiveDebugging":true}
2026-05-06T19:22:46.181Z CLI info    Should start debug utility: undefined
2026-05-06T19:22:46.185Z CLI info [testhub:module]   [af9603a3-cea5-4675-b78b-49004c36274d]  Starting testhub from 9092:0
2026-05-06T19:22:46.186Z CLI info   [af9603a3-cea5-4675-b78b-49004c36274d]  [PRODUCTION] Making POST request to https://sdk.browserstack.com
2026-05-06T19:22:46.188Z CLI info   [af9603a3-cea5-4675-b78b-49004c36274d]  [PRODUCTION] Making GET request to https://hub.browserstack.com
2026-05-06T19:22:47.579Z CLI info   [af9603a3-cea5-4675-b78b-49004c36274d]  [PRODUCTION] Making GET request to https://hub-use.browserstack.com
2026-05-06T19:22:47.580Z CLI info   [af9603a3-cea5-4675-b78b-49004c36274d]  [PRODUCTION] Making GET request to https://hub-usw.browserstack.com
2026-05-06T19:22:47.580Z CLI info   [af9603a3-cea5-4675-b78b-49004c36274d]  [PRODUCTION] Making GET request to https://hub-euw.browserstack.com
2026-05-06T19:22:48.129Z CLI info [testhub:module]   [af9603a3-cea5-4675-b78b-49004c36274d]  startBuild: response=dsduzt3b1qshofbuevarwdsus2fr0m6vutsuonuz
2026-05-06T19:22:48.130Z CLI info  [dsduzt3b1qshofbuevarwdsus2fr0m6vutsuonuz]  [af9603a3-cea5-4675-b78b-49004c36274d]  [PRODUCTION] Making POST request to https://api.browserstack.com
2026-05-06T19:22:50.022Z CLI info [main]  [dsduzt3b1qshofbuevarwdsus2fr0m6vutsuonuz]  [af9603a3-cea5-4675-b78b-49004c36274d]  Uncaught Exception occurred, error: Error: EBUSY: resource busy or locked, open 'C:\Users\giver\.browserstack\BrowserStackLocal.exe', error stack trace: Error: EBUSY: resource busy or locked, open 'C:\Users\giver\.browserstack\BrowserStackLocal.exe'
2026-05-06T19:22:50.022Z CLI info [main]  [dsduzt3b1qshofbuevarwdsus2fr0m6vutsuonuz]  [af9603a3-cea5-4675-b78b-49004c36274d]  Upgrade available: Please update from beta to the latest stable version.
2026-05-06T19:22:50.022Z CLI error [main]  [dsduzt3b1qshofbuevarwdsus2fr0m6vutsuonuz]  [af9603a3-cea5-4675-b78b-49004c36274d]  error: Error: EBUSY: resource busy or locked, open 'C:\Users\giver\.browserstack\BrowserStackLocal.exe'
2026-05-06T19:22:50.025Z CLI info [main]  [dsduzt3b1qshofbuevarwdsus2fr0m6vutsuonuz]  [af9603a3-cea5-4675-b78b-49004c36274d]  Received graceful signal termination (none), performing cleanup
2026-05-06T19:22:50.027Z CLI info  [dsduzt3b1qshofbuevarwdsus2fr0m6vutsuonuz]  [af9603a3-cea5-4675-b78b-49004c36274d]  [PRODUCTION] Making PUT request to https://collector-observability.browserstack.com
2026-05-06T19:22:51.373Z CLI info [testhub:module]  [dsduzt3b1qshofbuevarwdsus2fr0m6vutsuonuz]  [af9603a3-cea5-4675-b78b-49004c36274d]  stopBuild: dsduzt3b1qshofbuevarwdsus2fr0m6vutsuonuz request={"finished_at":"2026-05-06T19:22:50.026Z","finished_metadata":[],"custom_metadata":null} response={"data":""}
2026-05-11T16:36:28.274Z CLI info [main]    Server listening on port: 5400
2026-05-11T16:36:28.339Z CLI info    Config : {"platforms":[{"os":"Windows","osVersion":"11","browserName":"chrome","browserVersion":"latest"}],"browserstackLocal":true,"buildName":"Avotech-Regression-TestSuite","video":true,"interactiveDebugging":true}
2026-05-11T16:36:28.460Z CLI info    Should start debug utility: undefined
2026-05-11T16:36:28.463Z CLI info [testhub:module]   [392949a8-09c6-4afa-8a96-95a6660b4f6a]  Starting testhub from 17816:0
2026-05-11T16:36:28.465Z CLI info   [392949a8-09c6-4afa-8a96-95a6660b4f6a]  [PRODUCTION] Making POST request to https://sdk.browserstack.com
2026-05-11T16:36:28.468Z CLI info   [392949a8-09c6-4afa-8a96-95a6660b4f6a]  [PRODUCTION] Making GET request to https://hub.browserstack.com
2026-05-11T16:36:29.712Z CLI info   [392949a8-09c6-4afa-8a96-95a6660b4f6a]  [PRODUCTION] Making GET request to https://hub-use.browserstack.com
2026-05-11T16:36:29.713Z CLI info   [392949a8-09c6-4afa-8a96-95a6660b4f6a]  [PRODUCTION] Making GET request to https://hub-usw.browserstack.com
2026-05-11T16:36:29.714Z CLI info   [392949a8-09c6-4afa-8a96-95a6660b4f6a]  [PRODUCTION] Making GET request to https://hub-euw.browserstack.com
2026-05-11T16:36:30.233Z CLI info [testhub:module]   [392949a8-09c6-4afa-8a96-95a6660b4f6a]  startBuild: response=vuro5yfssdc5ntzhnna908fdvc4ffieij1azncrk
2026-05-11T16:36:30.235Z CLI info  [vuro5yfssdc5ntzhnna908fdvc4ffieij1azncrk]  [392949a8-09c6-4afa-8a96-95a6660b4f6a]  [PRODUCTION] Making POST request to https://api.browserstack.com
2026-05-11T16:36:32.149Z CLI info [main]  [vuro5yfssdc5ntzhnna908fdvc4ffieij1azncrk]  [392949a8-09c6-4afa-8a96-95a6660b4f6a]  Uncaught Exception occurred, error: Error: EBUSY: resource busy or locked, open 'C:\Users\giver\.browserstack\BrowserStackLocal.exe', error stack trace: Error: EBUSY: resource busy or locked, open 'C:\Users\giver\.browserstack\BrowserStackLocal.exe'
2026-05-11T16:36:32.149Z CLI info [main]  [vuro5yfssdc5ntzhnna908fdvc4ffieij1azncrk]  [392949a8-09c6-4afa-8a96-95a6660b4f6a]  Upgrade available: Please update from beta to the latest stable version.
2026-05-11T16:36:32.150Z CLI error [main]  [vuro5yfssdc5ntzhnna908fdvc4ffieij1azncrk]  [392949a8-09c6-4afa-8a96-95a6660b4f6a]  error: Error: EBUSY: resource busy or locked, open 'C:\Users\giver\.browserstack\BrowserStackLocal.exe'
2026-05-11T16:36:32.152Z CLI info [main]  [vuro5yfssdc5ntzhnna908fdvc4ffieij1azncrk]  [392949a8-09c6-4afa-8a96-95a6660b4f6a]  Received graceful signal termination (none), performing cleanup
2026-05-11T16:36:32.153Z CLI info  [vuro5yfssdc5ntzhnna908fdvc4ffieij1azncrk]  [392949a8-09c6-4afa-8a96-95a6660b4f6a]  [PRODUCTION] Making PUT request to https://collector-observability.browserstack.com
2026-05-11T16:36:33.921Z CLI info [testhub:module]  [vuro5yfssdc5ntzhnna908fdvc4ffieij1azncrk]  [392949a8-09c6-4afa-8a96-95a6660b4f6a]  stopBuild: vuro5yfssdc5ntzhnna908fdvc4ffieij1azncrk request={"finished_at":"2026-05-11T16:36:32.153Z","finished_metadata":[],"custom_metadata":null} response={"data":""}
2026-05-11T16:37:41.624Z CLI info [main]    Server listening on port: 5400
2026-05-11T16:37:41.669Z CLI info    Config : {"platforms":[{"os":"Windows","osVersion":"11","browserName":"chrome","browserVersion":"latest"}],"browserstackLocal":true,"buildName":"Avotech-Regression-TestSuite","video":true,"interactiveDebugging":true}
2026-05-11T16:37:41.712Z CLI info    Should start debug utility: undefined
2026-05-11T16:37:41.716Z CLI info [testhub:module]   [c4c6eb2d-09f4-4dcc-b69a-8527bb3dfdcd]  Starting testhub from 3356:0
2026-05-11T16:37:41.718Z CLI info   [c4c6eb2d-09f4-4dcc-b69a-8527bb3dfdcd]  [PRODUCTION] Making POST request to https://sdk.browserstack.com
2026-05-11T16:37:41.719Z CLI info   [c4c6eb2d-09f4-4dcc-b69a-8527bb3dfdcd]  [PRODUCTION] Making GET request to https://hub.browserstack.com
2026-05-11T16:37:42.957Z CLI info   [c4c6eb2d-09f4-4dcc-b69a-8527bb3dfdcd]  [PRODUCTION] Making GET request to https://hub-use.browserstack.com
2026-05-11T16:37:42.958Z CLI info   [c4c6eb2d-09f4-4dcc-b69a-8527bb3dfdcd]  [PRODUCTION] Making GET request to https://hub-usw.browserstack.com
2026-05-11T16:37:42.959Z CLI info   [c4c6eb2d-09f4-4dcc-b69a-8527bb3dfdcd]  [PRODUCTION] Making GET request to https://hub-euw.browserstack.com
2026-05-11T16:37:43.248Z CLI info [testhub:module]   [c4c6eb2d-09f4-4dcc-b69a-8527bb3dfdcd]  startBuild: response=ohsfn8nkdtjmgyp4cg36qeiff0ldp2lnemftvnj9
2026-05-11T16:37:43.249Z CLI info  [ohsfn8nkdtjmgyp4cg36qeiff0ldp2lnemftvnj9]  [c4c6eb2d-09f4-4dcc-b69a-8527bb3dfdcd]  [PRODUCTION] Making POST request to https://api.browserstack.com
2026-05-11T16:37:45.110Z CLI info [main]  [ohsfn8nkdtjmgyp4cg36qeiff0ldp2lnemftvnj9]  [c4c6eb2d-09f4-4dcc-b69a-8527bb3dfdcd]  Uncaught Exception occurred, error: Error: EBUSY: resource busy or locked, open 'C:\Users\giver\.browserstack\BrowserStackLocal.exe', error stack trace: Error: EBUSY: resource busy or locked, open 'C:\Users\giver\.browserstack\BrowserStackLocal.exe'
2026-05-11T16:37:45.110Z CLI info [main]  [ohsfn8nkdtjmgyp4cg36qeiff0ldp2lnemftvnj9]  [c4c6eb2d-09f4-4dcc-b69a-8527bb3dfdcd]  Upgrade available: Please update from beta to the latest stable version.
2026-05-11T16:37:45.110Z CLI error [main]  [ohsfn8nkdtjmgyp4cg36qeiff0ldp2lnemftvnj9]  [c4c6eb2d-09f4-4dcc-b69a-8527bb3dfdcd]  error: Error: EBUSY: resource busy or locked, open 'C:\Users\giver\.browserstack\BrowserStackLocal.exe'
2026-05-11T16:37:45.114Z CLI info [main]  [ohsfn8nkdtjmgyp4cg36qeiff0ldp2lnemftvnj9]  [c4c6eb2d-09f4-4dcc-b69a-8527bb3dfdcd]  Received graceful signal termination (none), performing cleanup
2026-05-11T16:37:45.115Z CLI info  [ohsfn8nkdtjmgyp4cg36qeiff0ldp2lnemftvnj9]  [c4c6eb2d-09f4-4dcc-b69a-8527bb3dfdcd]  [PRODUCTION] Making PUT request to https://collector-observability.browserstack.com
2026-05-11T16:37:46.417Z CLI info [testhub:module]  [ohsfn8nkdtjmgyp4cg36qeiff0ldp2lnemftvnj9]  [c4c6eb2d-09f4-4dcc-b69a-8527bb3dfdcd]  stopBuild: ohsfn8nkdtjmgyp4cg36qeiff0ldp2lnemftvnj9 request={"finished_at":"2026-05-11T16:37:45.115Z","finished_metadata":[],"custom_metadata":null} response={"data":""}
2026-05-11T16:45:05.847Z CLI info [main]    Server listening on port: 5400
2026-05-11T16:45:05.896Z CLI info    Config : {"platforms":[{"os":"Windows","osVersion":"11","browserName":"chrome","browserVersion":"latest"}],"browserstackLocal":true,"buildName":"Avotech-Regression-TestSuite","video":true,"interactiveDebugging":true}
2026-05-11T16:45:05.915Z CLI info    Should start debug utility: undefined
2026-05-11T16:45:05.919Z CLI info [testhub:module]   [cc59fafd-2566-4ed0-89b0-6833ae390d64]  Starting testhub from 19704:0
2026-05-11T16:45:05.920Z CLI info   [cc59fafd-2566-4ed0-89b0-6833ae390d64]  [PRODUCTION] Making POST request to https://sdk.browserstack.com
2026-05-11T16:45:05.922Z CLI info   [cc59fafd-2566-4ed0-89b0-6833ae390d64]  [PRODUCTION] Making GET request to https://hub.browserstack.com
2026-05-11T16:45:07.209Z CLI info   [cc59fafd-2566-4ed0-89b0-6833ae390d64]  [PRODUCTION] Making GET request to https://hub-use.browserstack.com
2026-05-11T16:45:07.210Z CLI info   [cc59fafd-2566-4ed0-89b0-6833ae390d64]  [PRODUCTION] Making GET request to https://hub-usw.browserstack.com
2026-05-11T16:45:07.211Z CLI info   [cc59fafd-2566-4ed0-89b0-6833ae390d64]  [PRODUCTION] Making GET request to https://hub-euw.browserstack.com
2026-05-11T16:45:07.686Z CLI info [testhub:module]   [cc59fafd-2566-4ed0-89b0-6833ae390d64]  startBuild: response=a6rb5sphax4efq6t0da1hwlv7kyjehzswew2ocxh
2026-05-11T16:45:07.688Z CLI info  [a6rb5sphax4efq6t0da1hwlv7kyjehzswew2ocxh]  [cc59fafd-2566-4ed0-89b0-6833ae390d64]  [PRODUCTION] Making POST request to https://api.browserstack.com
2026-05-11T16:45:09.544Z CLI info [main]  [a6rb5sphax4efq6t0da1hwlv7kyjehzswew2ocxh]  [cc59fafd-2566-4ed0-89b0-6833ae390d64]  Uncaught Exception occurred, error: Error: EBUSY: resource busy or locked, open 'C:\Users\giver\.browserstack\BrowserStackLocal.exe', error stack trace: Error: EBUSY: resource busy or locked, open 'C:\Users\giver\.browserstack\BrowserStackLocal.exe'
2026-05-11T16:45:09.544Z CLI info [main]  [a6rb5sphax4efq6t0da1hwlv7kyjehzswew2ocxh]  [cc59fafd-2566-4ed0-89b0-6833ae390d64]  Upgrade available: Please update from beta to the latest stable version.
2026-05-11T16:45:09.545Z CLI error [main]  [a6rb5sphax4efq6t0da1hwlv7kyjehzswew2ocxh]  [cc59fafd-2566-4ed0-89b0-6833ae390d64]  error: Error: EBUSY: resource busy or locked, open 'C:\Users\giver\.browserstack\BrowserStackLocal.exe'
2026-05-11T16:45:09.548Z CLI info [main]  [a6rb5sphax4efq6t0da1hwlv7kyjehzswew2ocxh]  [cc59fafd-2566-4ed0-89b0-6833ae390d64]  Received graceful signal termination (none), performing cleanup
2026-05-11T16:45:09.549Z CLI info  [a6rb5sphax4efq6t0da1hwlv7kyjehzswew2ocxh]  [cc59fafd-2566-4ed0-89b0-6833ae390d64]  [PRODUCTION] Making PUT request to https://collector-observability.browserstack.com
2026-05-11T16:45:10.897Z CLI info [testhub:module]  [a6rb5sphax4efq6t0da1hwlv7kyjehzswew2ocxh]  [cc59fafd-2566-4ed0-89b0-6833ae390d64]  stopBuild: a6rb5sphax4efq6t0da1hwlv7kyjehzswew2ocxh request={"finished_at":"2026-05-11T16:45:09.548Z","finished_metadata":[],"custom_metadata":null} response={"data":""}
